---
source: src/compiler/parse/parser.rs
expression: "crate::common::test_util::mock_parse(\"\n        1 = 1;\n        \")"
---
stderr:
Error: 
   ╭─[<unknown>:2:12]
   │
 2 │         1 = 1;
   │         ┬ ┬  
   │         ╰──── This statement should be terminated with ;
   │           │  
   │           ╰── Expected ;
───╯


