---
source: src/compiler/parse/parser.rs
expression: "crate::common::test_util::mock_parse(\"\n        {\n            var 1;\n        }\n        \")"
---
stderr:
Error: Parse error
   ╭─[<unknown>:3:2]
   │
 3 │             var 1;
   │                 ┬  
   │                 ╰── Expected identifier
───╯


