---
source: src/compiler/codegen.rs
expression: "crate::common::test_util::mock_codegen(\"\n        fun foo() {\n            if false {\n                return 0;\n            }\n        }\n        print foo();\n        \")"
---
bytecode:
==== test.lox ====
0000         JUMP_REL         14
0003 false   FALSE
0004 |       JUMP_REL_IF_FALSE 7
0007         POP
0008 0       CONSTANT            0 '0'
0010 return  RETURN
0011         JUMP_REL         1
0014 |       POP
0015 |       NIL
0016 |       RETURN
0017 foo     CONSTANT            1 '<function foo>'
0019 |       DEFINE_GLOBAL       1 'foo'
0021 foo     GET_GLOBAL          1 'foo'
0023 |       CALL             0
0025         PRINT
0026 |       NIL
0027 |       RETURN



