---
source: src/compiler/codegen.rs
expression: "crate::common::test_util::mock_codegen(\"\n        fun outer() {\n            var a = 1;\n            var b = 2;\n            fun middle() {\n              var c = 3;\n              var d = 4;\n              fun inner() {\n                print a + c + b + d;\n              }\n            }\n          }\n        \")"
---
bytecode:
==== test.lox ====
0000         JUMP_REL         48
0003 1       CONSTANT            0 '1'
0005 2       CONSTANT            1 '2'
0007         JUMP_REL         33
0010 3       CONSTANT            2 '3'
0012 4       CONSTANT            3 '4'
0014         JUMP_REL         14
0017 a       GET_UPVALUE      0
0019 c       GET_UPVALUE      1
0021 +       ADD
0022 b       GET_UPVALUE      2
0024 +       ADD
0025 d       GET_UPVALUE      3
0027 +       ADD
0028         PRINT
0029 |       NIL
0030 |       RETURN
0031 inner   CLOSURE          <function inner @ 17>
0033                               upvalue 0
0035                               local 1
0037                               upvalue 1
0039                               local 2
0041 |       NIL
0042 |       RETURN
0043 middle  CLOSURE          <function middle @ 10>
0045                               local 1
0047                               local 2
0049 |       NIL
0050 |       RETURN
0051 outer   CLOSURE          <function outer @ 3>
0053 |       DEFINE_GLOBAL       1 'outer'
0055         NIL
0056 |       RETURN



