---
source: src/compiler/codegen.rs
expression: "crate::common::test_util::mock_codegen(\"\n        fun ni() {}\n        print ni() or ni();\n        \")"
---
bytecode:
==== test.lox ====
0000         JUMP_REL         2
0003 |       NIL
0004 |       RETURN
0005 ni      CLOSURE          <function ni @ 3>
0007 |       DEFINE_GLOBAL       1 'ni'
0009 ni      GET_GLOBAL          1 'ni'
0011 |       CALL             0
0013 or      JUMP_REL_IF_TRUE 5
0016         POP
0017 ni      GET_GLOBAL          1 'ni'
0019 |       CALL             0
0021         PRINT
0022 |       NIL
0023 |       RETURN



