---
source: src/compiler/codegen.rs
expression: "crate::common::test_util::mock_codegen(\"\n        {\n            fun foo(n) {\n                if n == 0 {\n                    return 0;\n                } else {\n                    return 1 + foo(n - 1);\n                }\n            }\n            print foo(1);\n        }\n        \")"
---
bytecode:
==== test.lox ====
0000         JUMP_REL         31
0003 n       GET_LOCAL        1
0005 0       CONSTANT            0 '0'
0007 ==      EQUAL
0008 n == 0  JUMP_REL_IF_FALSE 7
0011         POP
0012 0       CONSTANT            1 '0'
0014 return  RETURN
0015         JUMP_REL         14
0018 |       POP
0019 1       CONSTANT            2 '1'
0021 foo     GET_LOCAL        0
0023 n       GET_LOCAL        1
0025 1       CONSTANT            3 '1'
0027 -       SUBTRACT
0028 foo     CALL             1
0030 +       ADD
0031 return  RETURN
0032         NIL
0033 |       RETURN
0034 foo     CONSTANT            4 '<function foo>'
0036 foo     GET_LOCAL        0
0038 1       CONSTANT            5 '1'
0040 foo     CALL             1
0042         PRINT
0043 |       POP
0044 |       NIL
0045 |       RETURN



