---
source: src/compiler/codegen.rs
expression: "crate::common::test_util::mock_codegen(\"\n        fun foo() {\n            return 1;\n        }\n        print foo() + foo();\n        \")"
---
bytecode:
==== test.lox ====
0000         JUMP_REL         5
0003 1       CONSTANT            0 '1'
0005 return  RETURN
0006         NIL
0007 |       RETURN
0008 foo     CONSTANT            1 '<function foo>'
0010 |       DEFINE_GLOBAL       1 'foo'
0012 foo     GET_GLOBAL          1 'foo'
0014 |       CALL             0
0016 foo     GET_GLOBAL          1 'foo'
0018 |       CALL             0
0020 +       ADD
0021         PRINT
0022 |       NIL
0023 |       RETURN



